src/lib/websocket/client.ts(38,21): error TS1343: The 'import.meta' meta-property is only allowed when the '--module' option is 'es2020', 'es2022', 'esnext', 'system', 'node16', 'node18', or 'nodenext'.
src/lib/websocket/client.ts(38,33): error TS2339: Property 'env' does not exist on type 'ImportMeta'.
