creator-studio/pages/CreatorReviewsPage.tsx(4,21): error TS2307: Cannot find module '@/lib/api/client' or its corresponding type declarations.
creator-studio/pages/CreatorReviewsPage.tsx(6,35): error TS2307: Cannot find module '@/lib/websocket/hooks' or its corresponding type declarations.
creator-studio/pages/CreatorReviewsPage.tsx(7,32): error TS2307: Cannot find module '@/lib/types' or its corresponding type declarations.
